// Jest Snapshot v1, https://goo.gl/fbAQLP

exports[`Flatline Integration test 1`] = `
<div>
  Hello from BASE!
</div>
`;
